[2023-11-10T15:52:15.713+0000][gc] Using G1
[2023-11-10T15:52:15.730+0000][gc,init] Version: 17.0.8.1+1-LTS (release)
[2023-11-10T15:52:15.730+0000][gc,init] CPUs: 2 total, 2 available
[2023-11-10T15:52:15.730+0000][gc,init] Memory: 7929M
[2023-11-10T15:52:15.730+0000][gc,init] Large Page Support: Disabled
[2023-11-10T15:52:15.730+0000][gc,init] NUMA Support: Disabled
[2023-11-10T15:52:15.730+0000][gc,init] Compressed Oops: Enabled (32-bit)
[2023-11-10T15:52:15.730+0000][gc,init] Heap Region Size: 1M
[2023-11-10T15:52:15.730+0000][gc,init] Heap Min Capacity: 1G
[2023-11-10T15:52:15.730+0000][gc,init] Heap Initial Capacity: 1G
[2023-11-10T15:52:15.730+0000][gc,init] Heap Max Capacity: 1G
[2023-11-10T15:52:15.730+0000][gc,init] Pre-touch: Disabled
[2023-11-10T15:52:15.730+0000][gc,init] Parallel Workers: 2
[2023-11-10T15:52:15.730+0000][gc,init] Concurrent Workers: 1
[2023-11-10T15:52:15.730+0000][gc,init] Concurrent Refinement Workers: 2
[2023-11-10T15:52:15.730+0000][gc,init] Periodic GC: Disabled
[2023-11-10T15:52:15.737+0000][gc,metaspace] CDS archive(s) mapped at: [0x00007f4f1f000000-0x00007f4f1fbeb000-0x00007f4f1fbeb000), size 12496896, SharedBaseAddress: 0x00007f4f1f000000, ArchiveRelocationMode: 1.
[2023-11-10T15:52:15.737+0000][gc,metaspace] Compressed class space mapped at: 0x00007f4f20000000-0x00007f4f60000000, reserved size: 1073741824
[2023-11-10T15:52:15.737+0000][gc,metaspace] Narrow klass base: 0x00007f4f1f000000, Narrow klass shift: 0, Narrow klass range: 0x100000000
[2023-11-10T15:52:17.641+0000][gc,start    ] GC(0) Pause Young (Normal) (G1 Evacuation Pause)
[2023-11-10T15:52:17.641+0000][gc,task     ] GC(0) Using 2 workers of 2 for evacuation
[2023-11-10T15:52:17.648+0000][gc,phases   ] GC(0)   Pre Evacuate Collection Set: 0.1ms
[2023-11-10T15:52:17.648+0000][gc,phases   ] GC(0)   Merge Heap Roots: 0.1ms
[2023-11-10T15:52:17.648+0000][gc,phases   ] GC(0)   Evacuate Collection Set: 6.4ms
[2023-11-10T15:52:17.648+0000][gc,phases   ] GC(0)   Post Evacuate Collection Set: 0.5ms
[2023-11-10T15:52:17.648+0000][gc,phases   ] GC(0)   Other: 0.3ms
[2023-11-10T15:52:17.648+0000][gc,heap     ] GC(0) Eden regions: 51->0(44)
[2023-11-10T15:52:17.648+0000][gc,heap     ] GC(0) Survivor regions: 0->7(7)
[2023-11-10T15:52:17.648+0000][gc,heap     ] GC(0) Old regions: 0->0
[2023-11-10T15:52:17.648+0000][gc,heap     ] GC(0) Archive regions: 2->2
[2023-11-10T15:52:17.648+0000][gc,heap     ] GC(0) Humongous regions: 0->0
[2023-11-10T15:52:17.648+0000][gc,metaspace] GC(0) Metaspace: 19007K(19200K)->19007K(19200K) NonClass: 16467K(16576K)->16467K(16576K) Class: 2539K(2624K)->2539K(2624K)
[2023-11-10T15:52:17.648+0000][gc          ] GC(0) Pause Young (Normal) (G1 Evacuation Pause) 51M->7M(1024M) 7.563ms
[2023-11-10T15:52:17.648+0000][gc,cpu      ] GC(0) User=0.02s Sys=0.00s Real=0.00s
[2023-11-10T15:52:17.819+0000][gc,start    ] GC(1) Pause Young (Concurrent Start) (Metadata GC Threshold)
[2023-11-10T15:52:17.819+0000][gc,task     ] GC(1) Using 2 workers of 2 for evacuation
[2023-11-10T15:52:17.827+0000][gc,phases   ] GC(1)   Pre Evacuate Collection Set: 0.1ms
[2023-11-10T15:52:17.827+0000][gc,phases   ] GC(1)   Merge Heap Roots: 0.0ms
[2023-11-10T15:52:17.827+0000][gc,phases   ] GC(1)   Evacuate Collection Set: 7.4ms
[2023-11-10T15:52:17.827+0000][gc,phases   ] GC(1)   Post Evacuate Collection Set: 0.4ms
[2023-11-10T15:52:17.827+0000][gc,phases   ] GC(1)   Other: 0.2ms
[2023-11-10T15:52:17.827+0000][gc,heap     ] GC(1) Eden regions: 9->0(49)
[2023-11-10T15:52:17.827+0000][gc,heap     ] GC(1) Survivor regions: 7->2(7)
[2023-11-10T15:52:17.827+0000][gc,heap     ] GC(1) Old regions: 0->7
[2023-11-10T15:52:17.827+0000][gc,heap     ] GC(1) Archive regions: 2->2
[2023-11-10T15:52:17.827+0000][gc,heap     ] GC(1) Humongous regions: 129->129
[2023-11-10T15:52:17.827+0000][gc,metaspace] GC(1) Metaspace: 21288K(21504K)->21288K(21504K) NonClass: 18451K(18560K)->18451K(18560K) Class: 2836K(2944K)->2836K(2944K)
[2023-11-10T15:52:17.827+0000][gc          ] GC(1) Pause Young (Concurrent Start) (Metadata GC Threshold) 145M->138M(1024M) 8.194ms
[2023-11-10T15:52:17.827+0000][gc,cpu      ] GC(1) User=0.01s Sys=0.01s Real=0.01s
[2023-11-10T15:52:17.827+0000][gc          ] GC(2) Concurrent Mark Cycle
[2023-11-10T15:52:17.827+0000][gc,marking  ] GC(2) Concurrent Clear Claimed Marks
[2023-11-10T15:52:17.827+0000][gc,marking  ] GC(2) Concurrent Clear Claimed Marks 0.035ms
[2023-11-10T15:52:17.827+0000][gc,marking  ] GC(2) Concurrent Scan Root Regions
[2023-11-10T15:52:17.831+0000][gc,marking  ] GC(2) Concurrent Scan Root Regions 4.119ms
[2023-11-10T15:52:17.831+0000][gc,marking  ] GC(2) Concurrent Mark
[2023-11-10T15:52:17.832+0000][gc,marking  ] GC(2) Concurrent Mark From Roots
[2023-11-10T15:52:17.832+0000][gc,task     ] GC(2) Using 1 workers of 1 for marking
[2023-11-10T15:52:17.835+0000][gc,marking  ] GC(2) Concurrent Mark From Roots 3.028ms
[2023-11-10T15:52:17.835+0000][gc,marking  ] GC(2) Concurrent Preclean
[2023-11-10T15:52:17.835+0000][gc,marking  ] GC(2) Concurrent Preclean 0.064ms
[2023-11-10T15:52:17.835+0000][gc,start    ] GC(2) Pause Remark
[2023-11-10T15:52:17.837+0000][gc          ] GC(2) Pause Remark 139M->139M(1024M) 2.196ms
[2023-11-10T15:52:17.837+0000][gc,cpu      ] GC(2) User=0.01s Sys=0.00s Real=0.00s
[2023-11-10T15:52:17.838+0000][gc,marking  ] GC(2) Concurrent Mark 6.212ms
[2023-11-10T15:52:17.838+0000][gc,marking  ] GC(2) Concurrent Rebuild Remembered Sets
[2023-11-10T15:52:17.841+0000][gc,marking  ] GC(2) Concurrent Rebuild Remembered Sets 3.740ms
[2023-11-10T15:52:17.842+0000][gc,start    ] GC(2) Pause Cleanup
[2023-11-10T15:52:17.842+0000][gc          ] GC(2) Pause Cleanup 139M->139M(1024M) 0.084ms
[2023-11-10T15:52:17.842+0000][gc,cpu      ] GC(2) User=0.00s Sys=0.00s Real=0.00s
[2023-11-10T15:52:17.842+0000][gc,marking  ] GC(2) Concurrent Cleanup for Next Mark
[2023-11-10T15:52:17.863+0000][gc,marking  ] GC(2) Concurrent Cleanup for Next Mark 20.669ms
[2023-11-10T15:52:17.863+0000][gc          ] GC(2) Concurrent Mark Cycle 35.503ms
[2023-11-10T16:07:21.861+0000][gc,start    ] GC(3) Pause Young (Normal) (G1 Evacuation Pause)
[2023-11-10T16:07:21.861+0000][gc,task     ] GC(3) Using 2 workers of 2 for evacuation
[2023-11-10T16:07:21.869+0000][gc,phases   ] GC(3)   Pre Evacuate Collection Set: 0.4ms
[2023-11-10T16:07:21.869+0000][gc,phases   ] GC(3)   Merge Heap Roots: 0.1ms
[2023-11-10T16:07:21.869+0000][gc,phases   ] GC(3)   Evacuate Collection Set: 6.7ms
[2023-11-10T16:07:21.869+0000][gc,phases   ] GC(3)   Post Evacuate Collection Set: 0.5ms
[2023-11-10T16:07:21.869+0000][gc,phases   ] GC(3)   Other: 0.1ms
[2023-11-10T16:07:21.869+0000][gc,heap     ] GC(3) Eden regions: 49->0(46)
[2023-11-10T16:07:21.869+0000][gc,heap     ] GC(3) Survivor regions: 2->5(7)
[2023-11-10T16:07:21.869+0000][gc,heap     ] GC(3) Old regions: 7->7
[2023-11-10T16:07:21.869+0000][gc,heap     ] GC(3) Archive regions: 2->2
[2023-11-10T16:07:21.869+0000][gc,heap     ] GC(3) Humongous regions: 129->129
[2023-11-10T16:07:21.869+0000][gc,metaspace] GC(3) Metaspace: 32140K(32384K)->32140K(32384K) NonClass: 28336K(28480K)->28336K(28480K) Class: 3804K(3904K)->3804K(3904K)
[2023-11-10T16:07:21.869+0000][gc          ] GC(3) Pause Young (Normal) (G1 Evacuation Pause) 187M->141M(1024M) 7.984ms
[2023-11-10T16:07:21.869+0000][gc,cpu      ] GC(3) User=0.01s Sys=0.00s Real=0.00s
[2023-11-10T16:25:51.536+0000][gc,start    ] GC(4) Pause Young (Concurrent Start) (Metadata GC Threshold)
[2023-11-10T16:25:51.536+0000][gc,task     ] GC(4) Using 2 workers of 2 for evacuation
[2023-11-10T16:25:51.552+0000][gc,phases   ] GC(4)   Pre Evacuate Collection Set: 0.1ms
[2023-11-10T16:25:51.552+0000][gc,phases   ] GC(4)   Merge Heap Roots: 0.0ms
[2023-11-10T16:25:51.552+0000][gc,phases   ] GC(4)   Evacuate Collection Set: 10.6ms
[2023-11-10T16:25:51.552+0000][gc,phases   ] GC(4)   Post Evacuate Collection Set: 4.5ms
[2023-11-10T16:25:51.552+0000][gc,phases   ] GC(4)   Other: 0.1ms
[2023-11-10T16:25:51.552+0000][gc,heap     ] GC(4) Eden regions: 31->0(49)
[2023-11-10T16:25:51.552+0000][gc,heap     ] GC(4) Survivor regions: 5->2(7)
[2023-11-10T16:25:51.552+0000][gc,heap     ] GC(4) Old regions: 7->12
[2023-11-10T16:25:51.552+0000][gc,heap     ] GC(4) Archive regions: 2->2
[2023-11-10T16:25:51.552+0000][gc,heap     ] GC(4) Humongous regions: 129->129
[2023-11-10T16:25:51.552+0000][gc,metaspace] GC(4) Metaspace: 35955K(36416K)->35955K(36416K) NonClass: 31503K(31744K)->31503K(31744K) Class: 4452K(4672K)->4452K(4672K)
[2023-11-10T16:25:51.552+0000][gc          ] GC(4) Pause Young (Concurrent Start) (Metadata GC Threshold) 171M->142M(1024M) 15.537ms
[2023-11-10T16:25:51.552+0000][gc,cpu      ] GC(4) User=0.01s Sys=0.00s Real=0.02s
[2023-11-10T16:25:51.552+0000][gc          ] GC(5) Concurrent Mark Cycle
[2023-11-10T16:25:51.552+0000][gc,marking  ] GC(5) Concurrent Clear Claimed Marks
[2023-11-10T16:25:51.552+0000][gc,marking  ] GC(5) Concurrent Clear Claimed Marks 0.038ms
[2023-11-10T16:25:51.552+0000][gc,marking  ] GC(5) Concurrent Scan Root Regions
[2023-11-10T16:25:51.577+0000][gc,marking  ] GC(5) Concurrent Scan Root Regions 25.099ms
[2023-11-10T16:25:51.577+0000][gc,marking  ] GC(5) Concurrent Mark
[2023-11-10T16:25:51.577+0000][gc,marking  ] GC(5) Concurrent Mark From Roots
[2023-11-10T16:25:51.577+0000][gc,task     ] GC(5) Using 1 workers of 1 for marking
[2023-11-10T16:25:51.626+0000][gc,marking  ] GC(5) Concurrent Mark From Roots 49.055ms
[2023-11-10T16:25:51.626+0000][gc,marking  ] GC(5) Concurrent Preclean
[2023-11-10T16:25:51.627+0000][gc,marking  ] GC(5) Concurrent Preclean 0.363ms
[2023-11-10T16:25:51.627+0000][gc,start    ] GC(5) Pause Remark
[2023-11-10T16:25:51.633+0000][gc          ] GC(5) Pause Remark 145M->145M(1024M) 5.592ms
[2023-11-10T16:25:51.633+0000][gc,cpu      ] GC(5) User=0.01s Sys=0.00s Real=0.01s
[2023-11-10T16:25:51.633+0000][gc,marking  ] GC(5) Concurrent Mark 55.785ms
[2023-11-10T16:25:51.633+0000][gc,marking  ] GC(5) Concurrent Rebuild Remembered Sets
[2023-11-10T16:25:51.650+0000][gc,marking  ] GC(5) Concurrent Rebuild Remembered Sets 16.731ms
[2023-11-10T16:25:51.650+0000][gc,start    ] GC(5) Pause Cleanup
[2023-11-10T16:25:51.650+0000][gc          ] GC(5) Pause Cleanup 146M->146M(1024M) 0.178ms
[2023-11-10T16:25:51.650+0000][gc,cpu      ] GC(5) User=0.00s Sys=0.00s Real=0.00s
[2023-11-10T16:25:51.651+0000][gc,marking  ] GC(5) Concurrent Cleanup for Next Mark
[2023-11-10T16:25:51.668+0000][gc,marking  ] GC(5) Concurrent Cleanup for Next Mark 17.012ms
[2023-11-10T16:25:51.668+0000][gc          ] GC(5) Concurrent Mark Cycle 115.713ms
[2023-11-10T16:34:47.703+0000][gc,start    ] GC(6) Pause Young (Prepare Mixed) (G1 Evacuation Pause)
[2023-11-10T16:34:47.703+0000][gc,task     ] GC(6) Using 2 workers of 2 for evacuation
[2023-11-10T16:34:47.712+0000][gc,phases   ] GC(6)   Pre Evacuate Collection Set: 0.1ms
[2023-11-10T16:34:47.712+0000][gc,phases   ] GC(6)   Merge Heap Roots: 0.1ms
[2023-11-10T16:34:47.712+0000][gc,phases   ] GC(6)   Evacuate Collection Set: 7.8ms
[2023-11-10T16:34:47.712+0000][gc,phases   ] GC(6)   Post Evacuate Collection Set: 0.8ms
[2023-11-10T16:34:47.712+0000][gc,phases   ] GC(6)   Other: 0.1ms
[2023-11-10T16:34:47.712+0000][gc,heap     ] GC(6) Eden regions: 49->0(46)
[2023-11-10T16:34:47.712+0000][gc,heap     ] GC(6) Survivor regions: 2->5(7)
[2023-11-10T16:34:47.712+0000][gc,heap     ] GC(6) Old regions: 12->12
[2023-11-10T16:34:47.712+0000][gc,heap     ] GC(6) Archive regions: 2->2
[2023-11-10T16:34:47.712+0000][gc,heap     ] GC(6) Humongous regions: 129->129
[2023-11-10T16:34:47.712+0000][gc,metaspace] GC(6) Metaspace: 38413K(38912K)->38413K(38912K) NonClass: 33749K(34048K)->33749K(34048K) Class: 4663K(4864K)->4663K(4864K)
[2023-11-10T16:34:47.712+0000][gc          ] GC(6) Pause Young (Prepare Mixed) (G1 Evacuation Pause) 191M->145M(1024M) 9.047ms
[2023-11-10T16:34:47.712+0000][gc,cpu      ] GC(6) User=0.01s Sys=0.00s Real=0.01s
[2023-11-10T16:49:49.666+0000][gc,start    ] GC(7) Pause Young (Mixed) (G1 Evacuation Pause)
[2023-11-10T16:49:49.666+0000][gc,task     ] GC(7) Using 2 workers of 2 for evacuation
[2023-11-10T16:49:49.674+0000][gc,phases   ] GC(7)   Pre Evacuate Collection Set: 0.1ms
[2023-11-10T16:49:49.674+0000][gc,phases   ] GC(7)   Merge Heap Roots: 0.1ms
[2023-11-10T16:49:49.675+0000][gc,phases   ] GC(7)   Evacuate Collection Set: 7.4ms
[2023-11-10T16:49:49.675+0000][gc,phases   ] GC(7)   Post Evacuate Collection Set: 0.5ms
[2023-11-10T16:49:49.675+0000][gc,phases   ] GC(7)   Other: 0.1ms
[2023-11-10T16:49:49.675+0000][gc,heap     ] GC(7) Eden regions: 46->0(46)
[2023-11-10T16:49:49.675+0000][gc,heap     ] GC(7) Survivor regions: 5->5(7)
[2023-11-10T16:49:49.675+0000][gc,heap     ] GC(7) Old regions: 12->13
[2023-11-10T16:49:49.675+0000][gc,heap     ] GC(7) Archive regions: 2->2
[2023-11-10T16:49:49.675+0000][gc,heap     ] GC(7) Humongous regions: 129->129
[2023-11-10T16:49:49.675+0000][gc,metaspace] GC(7) Metaspace: 38590K(39040K)->38590K(39040K) NonClass: 33926K(34176K)->33926K(34176K) Class: 4663K(4864K)->4663K(4864K)
[2023-11-10T16:49:49.675+0000][gc          ] GC(7) Pause Young (Mixed) (G1 Evacuation Pause) 191M->146M(1024M) 8.414ms
[2023-11-10T16:49:49.675+0000][gc,cpu      ] GC(7) User=0.01s Sys=0.00s Real=0.01s
